Socket.pm 
   Carp.pm 
   warnings/register.pm 
   XSLoader.pm 
   Exporter.pm 
File/Spec/Functions.pm 
   File/Spec.pm 
      strict.pm 
      vars.pm 
      File/Spec/Win32.pm 
         strict.pm 
         Cwd.pm 
            strict.pm 
            Carp.pm 
            base.pm 
            warnings.pm 
         vars.pm 
         File/Spec/Unix.pm 
            strict.pm 
            vars.pm 
            Cwd.pm 
   strict.pm 
   vars.pm 
   strict.pm 
   Exporter.pm 
